// Jest Snapshot v1, https://goo.gl/fbAQLP

exports[`components - Menu render should render correctly 1`] = `
<header
  className="main menu-background"
>
  <nav
    aria-label="primary"
    className="main menu-background"
    style={
      Object {
        "height": "auto",
      }
    }
  >
    <Connect(MobileMenuControl) />
    <OfficialBanner
      bannerOptions="official-banner"
    />
    <div
      className="indented"
    >
      <Link
        className="svg-container"
        replace={false}
        title="test-title Home"
        to="/home"
      >
        <img
          alt="code.ca.gov"
          className="home-logo"
          src="logo-src-light"
        />
      </Link>
    </div>
    <ul
      aria-label="primary"
      className="nav-menu"
      role="menubar"
    >
      <li
        className=""
        key="menu-opt-1"
        role="none"
      >
        <PrimaryMenuOption
          menuOption={
            Object {
              "expanded": false,
              "links": Array [
                Object {
                  "id": "menu-link-1",
                },
              ],
              "name": "menu-opt-1",
            }
          }
          onClick={[Function]}
        />
        <SecondaryDropdown
          menuOption={
            Object {
              "expanded": false,
              "links": Array [
                Object {
                  "id": "menu-link-1",
                },
              ],
              "name": "menu-opt-1",
            }
          }
          onClick={[Function]}
        />
      </li>
      <li
        className="expanded"
        key="menu-opt-2"
        role="none"
      >
        <PrimaryMenuOption
          menuOption={
            Object {
              "expanded": true,
              "links": Array [
                Object {
                  "id": "menu-link-2",
                },
              ],
              "name": "menu-opt-2",
            }
          }
          onClick={[Function]}
        />
        <SecondaryDropdown
          menuOption={
            Object {
              "expanded": true,
              "links": Array [
                Object {
                  "id": "menu-link-2",
                },
              ],
              "name": "menu-opt-2",
            }
          }
          onClick={[Function]}
        />
      </li>
    </ul>
  </nav>
</header>
`;
