// Jest Snapshot v1, https://goo.gl/fbAQLP

exports[`Testing <SortSection /> component should render correctly 1`] = `
<div
  className="sort-section"
>
  <h2>
    <span>
      Sort by
    </span>
    <select
      aria-label="Sort Projects"
      onChange={[Function]}
      value="a"
    >
      <option
        aria-label="Sort Projects by test-a"
        key="a"
        value="a"
      >
        test-a
      </option>
      <option
        aria-label="Sort Projects by test-b"
        key="b"
        value="b"
      >
        test-b
      </option>
    </select>
  </h2>
</div>
`;
