// Jest Snapshot v1, https://goo.gl/fbAQLP

exports[`containers - MobileMenu mapStateToProps should return the correct properties 1`] = `
Object {
  "menu": Array [
    Object {
      "name": "Policy",
      "url": "https://codecagov-playbook.readthedocs.io/en/latest/policy/",
    },
    Object {
      "name": "Browse Projects",
      "url": "/search?&page=1&size=1000&sort=data_quality",
    },
    Object {
      "name": "Open Tasks",
      "url": "/open-tasks",
    },
    Object {
      "name": "Playbook",
      "url": "https://codecagov-playbook.readthedocs.io/en/latest/README/",
    },
    Object {
      "name": "Community",
      "url": "https://codecagov.slack.com/join/shared_invite/enQtNDU3MDY2NDUyMTk3LTkxMzEwYzU3MzdkNTE3ZGE0OGY4MjU5YzUzMTE5ODgwZjc3ZDE3MjlhMjQ3NTJkN2Y2NzFmZDk0NzZmNzgwYmU",
    },
    Object {
      "name": "Training",
      "url": "https://codecagov-playbook.readthedocs.io/en/latest/training/",
    },
    Object {
      "name": "Feedback",
      "url": "https://codecagov-playbook.readthedocs.io/en/latest/feedback/",
    },
  ],
}
`;
