// Jest Snapshot v1, https://goo.gl/fbAQLP

exports[`components - HomeBanner render should render correctly 1`] = `
<section
  className="banner medium"
  id="banner-home"
  style={
    Object {
      "backgroundImage": "url('test-bg-image')",
    }
  }
>
  <div
    className="banner-content"
  >
    <div
      className="banner-title"
    >
      test-motto
    </div>
    <div
      className="banner-subtitle show-w-gt-1200"
    >
      test-subtitle
    </div>
  </div>
  <a
    className="scroll-indicator"
    onClick={[Function]}
    title="Scroll Down"
  >
    <i
      className="icon icon-angle-down"
    />
  </a>
</section>
`;
