// Jest Snapshot v1, https://goo.gl/fbAQLP

exports[`Testing <MobileMenuOption /> component should render correctly 1`] = `
<MobileMenuOption
  expandedMobileMenuOptions={Array []}
  hideMobileMenu={[Function]}
  menuOption={
    Object {
      "name": "test-name",
      "url": "https://test-url.com",
    }
  }
  store={
    Object {
      "clearActions": [Function],
      "dispatch": [Function],
      "getActions": [Function],
      "getState": [Function],
      "replaceReducer": [Function],
      "subscribe": [Function],
    }
  }
  storeSubscription={
    Subscription {
      "listeners": Object {
        "clear": [Function],
        "get": [Function],
        "notify": [Function],
        "subscribe": [Function],
      },
      "onStateChange": [Function],
      "parentSub": undefined,
      "store": Object {
        "clearActions": [Function],
        "dispatch": [Function],
        "getActions": [Function],
        "getState": [Function],
        "replaceReducer": [Function],
        "subscribe": [Function],
      },
      "unsubscribe": [Function],
    }
  }
  toggleMobileMenuOption={[Function]}
/>
`;
