// Jest Snapshot v1, https://goo.gl/fbAQLP

exports[`Testing <CustomLink /> component should render correctly 1`] = `
<BrowserRouter>
  <Router
    history={
      Object {
        "action": "POP",
        "block": [Function],
        "createHref": [Function],
        "go": [Function],
        "goBack": [Function],
        "goForward": [Function],
        "length": 1,
        "listen": [Function],
        "location": Object {
          "hash": "",
          "pathname": "/home",
          "search": "",
          "state": undefined,
        },
        "push": [Function],
        "replace": [Function],
      }
    }
  >
    <Connect(CustomLinkComponent)
      className="test"
      onClick={[MockFunction]}
      store={
        Object {
          "clearActions": [Function],
          "dispatch": [Function],
          "getActions": [Function],
          "getState": [Function],
          "replaceReducer": [Function],
          "subscribe": [Function],
        }
      }
      to="/browse"
      updateStore={[MockFunction]}
    >
      <CustomLinkComponent
        className="test"
        onClick={[MockFunction]}
        store={
          Object {
            "clearActions": [Function],
            "dispatch": [Function],
            "getActions": [Function],
            "getState": [Function],
            "replaceReducer": [Function],
            "subscribe": [Function],
          }
        }
        to="/browse"
        updateStore={[Function]}
      >
        <Link
          className="test"
          onClick={[Function]}
          replace={false}
          to="/browse"
        >
          <a
            className="test"
            href="/browse"
            onClick={[Function]}
          >
            test child
          </a>
        </Link>
      </CustomLinkComponent>
    </Connect(CustomLinkComponent)>
  </Router>
</BrowserRouter>
`;
