// Jest Snapshot v1, https://goo.gl/fbAQLP

exports[`Testing <Autocomplete /> component should render correct 1`] = `
<ul
  className="autocomplete"
>
  <li
    key="/test-route"
  >
    <Connect(CustomLinkComponent)
      onClick={[Function]}
      to="/test-route"
    >
      <i
        className="icon icon-search"
      />
      <span>
        test-text
      </span>
    </Connect(CustomLinkComponent)>
  </li>
</ul>
`;
