// Jest Snapshot v1, https://goo.gl/fbAQLP

exports[`containers - HomeFeaturedProjects mapStateToProps should return the correct properties 1`] = `
Object {
  "featuredProjects": Array [
    Object {
      "alt": "Chat bubble Icon",
      "description": "Connect and collaborate with California state leaders, industry partners and civic technologists building a new approach to government technology innovation.",
      "image": "fa fa-comments",
      "links": Array [
        Object {
          "name": "Join the Community",
          "url": "https://join.slack.com/t/codecagov/shared_invite/enQtNDU3MDY2NDUyMTk3LTkxMzEwYzU3MzdkNTE3ZGE0OGY4MjU5YzUzMTE5ODgwZjc3ZDE3MjlhMjQ3NTJkN2Y2NzFmZDk0NzZmNzgwYmU",
        },
      ],
      "short_name": "Community",
    },
    Object {
      "alt": "Certificate Icon",
      "description": "A real-time virtual data router that ingests and processes operational data from various connected devices including vehicles, infrastructure, and traffic management centers and distributes it to other devices and subscribing transportation management applications.",
      "image": "fa fa-certificate",
      "links": Array [
        Object {
          "name": "Get Training",
          "url": "https://codecagov-playbook.readthedocs.io/en/latest/training/",
        },
      ],
      "short_name": "Training",
    },
  ],
}
`;
