// Jest Snapshot v1, https://goo.gl/fbAQLP

exports[`components - HomeFeaturedProjects should render correctly 1`] = `
<section
  className="featured-projects"
>
  <HomeFeaturedProject
    index={0}
    key="project-1"
    project={
      Object {
        "short_name": "project-1",
      }
    }
  />
  <HomeFeaturedProject
    index={1}
    key="project-2"
    project={
      Object {
        "short_name": "project-2",
      }
    }
  />
</section>
`;
