// Jest Snapshot v1, https://goo.gl/fbAQLP

exports[`containers - HomeAbout mapStateToProps should return the correct properties 1`] = `
Object {
  "aboutItems": Array [
    Object {
      "button": "View the Policy",
      "description": "View the State of California's open source code policy.",
      "image": "fa fa-bank",
      "link": "https://codecagov-playbook.readthedocs.io/en/latest/policy/",
      "title": "Policy",
    },
    Object {
      "button": "View the Playbook",
      "description": "Get started and collaborate with Code California.",
      "image": "fa fa-book",
      "link": "https://codecagov-playbook.readthedocs.io/en/latest/README/",
      "title": "Playbook",
    },
    Object {
      "button": "Explore Projects",
      "description": "Explore Open Source Projects.",
      "image": "fa fa-code",
      "link": "/browse-projects?page=1&size=1000&sort=data_quality",
      "title": "Platform",
    },
  ],
  "mission": "Code California is an open collaboration between agencies, industry technology partners and civic technologists working to code a more innovative, collaborative and effective government that best serves the people of California.",
}
`;
