// Jest Snapshot v1, https://goo.gl/fbAQLP

exports[`components - HomeAbout should render correctly 1`] = `
<section
  aria-label="Main about section on landing page"
  className="about"
  id="about"
>
  <ul
    className="indented about-actions"
  >
    <li
      className="about-action width-third"
      key="t1"
    >
      <Connect(CustomLinkComponent)
        to="l1"
      >
        <h2>
          t1
        </h2>
        <i
          alt="About Icon"
          className="i1"
        />
        <p>
          d1
        </p>
        <button
          className="about-button"
        />
      </Connect(CustomLinkComponent)>
    </li>
    <li
      className="about-action width-third"
      key="t2"
    >
      <Connect(CustomLinkComponent)
        to="l2"
      >
        <h2>
          t2
        </h2>
        <i
          alt="About Icon"
          className="i2"
        />
        <p>
          d2
        </p>
        <button
          className="about-button"
        />
      </Connect(CustomLinkComponent)>
    </li>
  </ul>
</section>
`;
