// Jest Snapshot v1, https://goo.gl/fbAQLP

exports[`Testing <FilterBoxes /> component should render correct 1`] = `
<Fragment>
  <FilterBox
    key="Language"
    onChange={[Function]}
    options={
      Array [
        Object {
          "checked": false,
          "name": "Example Language",
          "value": "ex",
        },
      ]
    }
    title="Language"
  />
  <FilterBox
    key="State Agency"
    onChange={[Function]}
    options={
      Array [
        Object {
          "checked": false,
          "name": "Example Dept",
          "value": "Exa",
        },
      ]
    }
    title="State Agency"
  />
  <FilterBox
    key="Licenses"
    onChange={[Function]}
    options={
      Array [
        Object {
          "checked": false,
          "name": "Example license",
          "value": "Example-License",
        },
      ]
    }
    title="Licenses"
  />
  <FilterBox
    key="Usage Types"
    onChange={[Function]}
    options={
      Array [
        Object {
          "checked": false,
          "name": "Example Useage",
          "value": "Example-Useage",
        },
      ]
    }
    title="Usage Types"
  />
</Fragment>
`;
